// Jest Snapshot v1, https://goo.gl/fbAQLP

exports[`BorderDetails should render properly 1`] = `ShallowWrapper {}`;
